// Jest Snapshot v1, https://goo.gl/fbAQLP

exports[`render a button 1`] = `ShallowWrapper {}`;
