// Jest Snapshot v1, https://goo.gl/fbAQLP

exports[`render a list of items 1`] = `ShallowWrapper {}`;
