// Jest Snapshot v1, https://goo.gl/fbAQLP

exports[`render a circle icon with text 1`] = `ShallowWrapper {}`;
