// Jest Snapshot v1, https://goo.gl/fbAQLP

exports[`renders a snackbar component 1`] = `ShallowWrapper {}`;
