// Jest Snapshot v1, https://goo.gl/fbAQLP

exports[`<Composition /> renders a spinning component 1`] = `ShallowWrapper {}`;
